[themewagon.github.io/kaiadmin-lite/index.html]
[backblue.gif]
[fade.gif]
[index.html]
[themewagon.github.io/kaiadmin-lite/assets/img/kaiadmin/favicon.ico]
[themewagon.github.io/kaiadmin-lite/assets/js/plugin/webfont/webfont.min.js]
[themewagon.github.io/kaiadmin-lite/assets/css/bootstrap.min.css]
[themewagon.github.io/kaiadmin-lite/assets/css/plugins.min.css]
[themewagon.github.io/kaiadmin-lite/assets/css/kaiadmin.min.css]
[themewagon.github.io/kaiadmin-lite/assets/css/demo.css]
[themewagon.github.io/kaiadmin-lite/index-2.html]
[themewagon.github.io/kaiadmin-lite/assets/img/kaiadmin/logo_light.svg]
[themewagon.github.io/kaiadmin-lite/components/avatars.html]
[themewagon.github.io/kaiadmin-lite/components/buttons.html]
[themewagon.github.io/kaiadmin-lite/components/gridsystem.html]
[themewagon.github.io/kaiadmin-lite/components/panels.html]
[themewagon.github.io/kaiadmin-lite/components/notifications.html]
[themewagon.github.io/kaiadmin-lite/components/sweetalert.html]
[themewagon.github.io/kaiadmin-lite/components/font-awesome-icons.html]
[themewagon.github.io/kaiadmin-lite/components/simple-line-icons.html]
[themewagon.github.io/kaiadmin-lite/components/typography.html]
[themewagon.github.io/kaiadmin-lite/sidebar-style-2.html]
[themewagon.github.io/kaiadmin-lite/icon-menu.html]
[themewagon.github.io/kaiadmin-lite/forms/forms.html]
[themewagon.github.io/kaiadmin-lite/tables/tables.html]
[themewagon.github.io/kaiadmin-lite/tables/datatables.html]
[themewagon.github.io/kaiadmin-lite/maps/googlemaps.html]
[themewagon.github.io/kaiadmin-lite/maps/jsvectormap.html]
[themewagon.github.io/kaiadmin-lite/charts/charts.html]
[themewagon.github.io/kaiadmin-lite/charts/sparkline.html]
[themewagon.github.io/kaiadmin-lite/widgets.html]
[themewagon.github.io/kaiadmin-lite/assets/img/jm_denis.jpg]
[themewagon.github.io/kaiadmin-lite/assets/img/chadengle.jpg]
[themewagon.github.io/kaiadmin-lite/assets/img/mlane.jpg]
[themewagon.github.io/kaiadmin-lite/assets/img/talha.jpg]
[themewagon.github.io/kaiadmin-lite/assets/img/profile2.jpg]
[themewagon.github.io/kaiadmin-lite/assets/img/profile.jpg]
[themewagon.github.io/kaiadmin-lite/profile.html]
[themewagon.github.io/kaiadmin-lite/assets/img/flags/id.png]
[themewagon.github.io/kaiadmin-lite/assets/img/flags/us.png]
[themewagon.github.io/kaiadmin-lite/assets/img/flags/au.png]
[themewagon.github.io/kaiadmin-lite/assets/img/flags/ru.png]
[themewagon.github.io/kaiadmin-lite/assets/img/flags/cn.png]
[themewagon.github.io/kaiadmin-lite/assets/img/flags/br.png]
[themewagon.github.io/kaiadmin-lite/assets/js/core/jquery-3.7.1.min.js]
[themewagon.github.io/kaiadmin-lite/assets/js/core/popper.min.js]
[themewagon.github.io/kaiadmin-lite/assets/js/core/bootstrap.min.js]
[themewagon.github.io/kaiadmin-lite/assets/js/plugin/jquery-scrollbar/jquery.scrollbar.min.js]
[themewagon.github.io/kaiadmin-lite/assets/js/plugin/chart.js/chart.min.js]
[themewagon.github.io/kaiadmin-lite/assets/js/plugin/jquery.sparkline/jquery.sparkline.min.js]
[themewagon.github.io/kaiadmin-lite/assets/js/plugin/chart-circle/circles.min.js]
[themewagon.github.io/kaiadmin-lite/assets/js/plugin/datatables/datatables.min.js]
[themewagon.github.io/kaiadmin-lite/assets/js/plugin/bootstrap-notify/bootstrap-notify.min.js]
[themewagon.github.io/kaiadmin-lite/assets/js/plugin/jsvectormap/jsvectormap.min.js]
[themewagon.github.io/kaiadmin-lite/assets/js/plugin/jsvectormap/world.js]
[themewagon.github.io/kaiadmin-lite/assets/js/plugin/sweetalert/sweetalert.min.js]
[themewagon.github.io/kaiadmin-lite/assets/js/kaiadmin.min.js]
[themewagon.github.io/kaiadmin-lite/assets/js/setting-demo.js]
[themewagon.github.io/kaiadmin-lite/assets/js/demo.js]
[themewagon.github.io/kaiadmin-lite/index.html]
[themewagon.github.io/kaiadmin-lite/assets/css/bootstrap.min.css]
[themewagon.github.io/kaiadmin-lite/assets/fonts/summernote/summernote.eot]
[themewagon.github.io/kaiadmin-lite/assets/fonts/summernote/summernoted41d.eot]
[themewagon.github.io/kaiadmin-lite/assets/fonts/summernote/summernote.woff2]
[themewagon.github.io/kaiadmin-lite/assets/fonts/summernote/summernote.woff]
[themewagon.github.io/kaiadmin-lite/assets/fonts/summernote/summernote.ttf]
[themewagon.github.io/kaiadmin-lite/assets/css/owl.video.play.png]
[themewagon.github.io/kaiadmin-lite/assets/css/plugins.min.css]
[themewagon.github.io/kaiadmin-lite/assets/img/img-shadow.png]
[themewagon.github.io/kaiadmin-lite/assets/img/bg-404.jpg]
[themewagon.github.io/kaiadmin-lite/assets/css/kaiadmin.min.css]
[themewagon.github.io/kaiadmin-lite/assets/css/demo.css]
[themewagon.github.io/kaiadmin-lite/index-2.html]
[themewagon.github.io/kaiadmin-lite/assets/img/kaiadmin/logo_light.svg]
[themewagon.github.io/kaiadmin-lite/components/profile.html]
[themewagon.github.io/kaiadmin-lite/assets/js/plugin/moment/moment.min.js]
[themewagon.github.io/kaiadmin-lite/assets/js/setting-demo2.js]
[themewagon.github.io/kaiadmin-lite/components/avatars.html]
[themewagon.github.io/kaiadmin-lite/components/buttons.html]
[themewagon.github.io/kaiadmin-lite/components/gridsystem.html]
[themewagon.github.io/kaiadmin-lite/components/panels.html]
[themewagon.github.io/kaiadmin-lite/components/index.html]
[themewagon.github.io/kaiadmin-lite/components/notifications.html]
[themewagon.github.io/kaiadmin-lite/components/sweetalert.html]
[themewagon.github.io/kaiadmin-lite/components/font-awesome-icons.html]
[themewagon.github.io/kaiadmin-lite/components/simple-line-icons.html]
[themewagon.github.io/kaiadmin-lite/components/typography.html]
[themewagon.github.io/kaiadmin-lite/assets/img/logoproduct.svg]
[themewagon.github.io/kaiadmin-lite/assets/img/logoproduct3.svg]
[themewagon.github.io/kaiadmin-lite/single-group.php]
[themewagon.github.io/kaiadmin-lite/single-event.php]
[themewagon.github.io/kaiadmin-lite/sidebar-style-2.html]
[themewagon.github.io/kaiadmin-lite/icon-menu.html]
[themewagon.github.io/kaiadmin-lite/forms/profile.html]
[themewagon.github.io/kaiadmin-lite/assets/img/examples/product1.jpg]
[themewagon.github.io/kaiadmin-lite/assets/img/examples/product4.jpg]
[themewagon.github.io/kaiadmin-lite/assets/img/examples/product3.jpg]
[themewagon.github.io/kaiadmin-lite/forms/forms.html]
[themewagon.github.io/kaiadmin-lite/assets/js/plugin/gmaps/gmaps.js]
[themewagon.github.io/kaiadmin-lite/tables/profile.html]
[themewagon.github.io/kaiadmin-lite/tables/index.html]
[themewagon.github.io/kaiadmin-lite/tables/tables.html]
[themewagon.github.io/kaiadmin-lite/tables/datatables.html]
[themewagon.github.io/kaiadmin-lite/maps/profile.html]
[themewagon.github.io/kaiadmin-lite/maps/googlemaps.html]
[themewagon.github.io/kaiadmin-lite/maps/jsvectormap.html]
[themewagon.github.io/kaiadmin-lite/charts/profile.html]
[themewagon.github.io/kaiadmin-lite/charts/charts.html]
[themewagon.github.io/kaiadmin-lite/charts/sparkline.html]
[themewagon.github.io/kaiadmin-lite/assets/img/visa.svg]
[themewagon.github.io/kaiadmin-lite/assets/img/blogpost.jpg]
[themewagon.github.io/kaiadmin-lite/widgets.html]
[themewagon.github.io/kaiadmin-lite/profile.html]
[themewagon.github.io/kaiadmin-lite/assets/css/owl.video.play.html]
[themewagon.github.io/kaiadmin-lite/components/profile.html]
[themewagon.github.io/kaiadmin-lite/components/index.html]
[themewagon.github.io/kaiadmin-lite/assets/img/logoproduct.svg]
[themewagon.github.io/kaiadmin-lite/assets/img/logoproduct3.svg]
[themewagon.github.io/kaiadmin-lite/single-group.html]
[themewagon.github.io/kaiadmin-lite/single-event.html]
[themewagon.github.io/kaiadmin-lite/forms/profile.html]
[themewagon.github.io/kaiadmin-lite/tables/profile.html]
[themewagon.github.io/kaiadmin-lite/tables/index.html]
[themewagon.github.io/kaiadmin-lite/maps/profile.html]
[themewagon.github.io/kaiadmin-lite/charts/profile.html]
[themewagon.github.io/kaiadmin-lite/assets/img/visa.svg]
